[27308:16152:1110/204443.858:INFO:components\enterprise\browser\controller\chrome_browser_cloud_management_controller.cc:206] No machine level policy manager exists.
[27308:16152:1110/204443.995:WARNING:chrome\browser\chrome_browser_main_win.cc:787] Command line too long for RegisterApplicationRestart:  --allow-pre-commit-input --disable-background-networking --disable-background-timer-throttling --disable-backgrounding-occluded-windows --disable-blink-features=AutomationControlled --disable-checker-imaging --disable-client-side-phishing-detection --disable-component-extensions-with-background-pages --disable-component-update --disable-default-apps --disable-dev-shm-usage --disable-domain-reliability --disable-extensions --disable-features=IgnoreDuplicateNavs,Prewarm,TranslateUI,BlinkGenPropertyTrees,VizDisplayCompositor --disable-hang-monitor --disable-ipc-flooding-protection --disable-new-bookmark-apps --disable-partial-raster --disable-plugins-discovery --disable-popup-blocking --disable-prompt-on-repost --disable-renderer-backgrounding --disable-skia-runtime-opts --disable-sync --disable-threaded-animation --disable-threaded-scrolling --disable-translate --disable-v8-idle-tasks --disable-web-security --enable-logging --enable-surface-synchronization --hide-scrollbars --log-level=0 --max-gum-fps=30 --mute-audio --no-first-run --no-sandbox --no-service-autorun --origin-trial-disabled-features=CanvasTextNg|WebAssemblyCustomDescriptors --password-store=basic --remote-debugging-port=0 --run-all-compositor-stages-before-draw --test-type=webdriver --use-mock-keychain --user-agent="Mozilla/5.0 (Macintosh; Intel Mac OS X 10_15_7) AppleWebKit/537.36 (KHTML, like Gecko) Chrome/118.0.5993.117 Safari/537.36" --user-data-dir="C:\Users\Mani_Reddy\Downloads\EasyApplyBot\chrome_bot" --window-size=1845,945 --restore-last-session --restart
[29148:6596:1110/204444.263:INFO:third_party\webrtc\rtc_base\cpu_info.cc:75] Available number of cores: 12
[22572:20332:1110/204444.276:INFO:third_party\webrtc\rtc_base\cpu_info.cc:75] Available number of cores: 12
[2364:17376:1110/204444.281:VERBOSE1:components\viz\service\main\viz_main_impl.cc:86] VizNullHypothesis is disabled (not a warning)
[29540:17948:1110/204445.156:INFO:third_party\webrtc\rtc_base\cpu_info.cc:75] Available number of cores: 12
[7840:23784:1110/204445.190:INFO:third_party\webrtc\rtc_base\cpu_info.cc:75] Available number of cores: 12
[28868:18240:1110/204445.321:INFO:third_party\webrtc\rtc_base\cpu_info.cc:75] Available number of cores: 12
[27308:16152:1110/204445.365:INFO:CONSOLE:155] "🛡️ Advanced stealth mode activated", source:  (155)
[29256:9244:1110/204459.812:INFO:third_party\webrtc\rtc_base\cpu_info.cc:75] Available number of cores: 12
[30908:31348:1110/204500.555:INFO:third_party\webrtc\rtc_base\cpu_info.cc:75] Available number of cores: 12
[27308:16152:1110/204500.831:INFO:CONSOLE:0] "An iframe which has both allow-scripts and allow-same-origin for its sandbox attribute can escape its sandboxing.", source: https://lnkd.demdex.net/dest5.html?d_nsid=0#https%3A%2F%2Fwww.linkedin.com (0)
[18232:29136:1110/204501.404:INFO:third_party\webrtc\rtc_base\cpu_info.cc:75] Available number of cores: 12
[29540:31760:1110/204501.746:INFO:third_party\blink\renderer\modules\peerconnection\peer_connection_dependency_factory.cc:857] Running WebRTC with a combined Network and Worker thread.
[29540:31760:1110/204501.746:INFO:third_party\webrtc\media\engine\webrtc_voice_engine.cc:493] WebRtcVoiceEngine::WebRtcVoiceEngine
[29540:29620:1110/204501.748:INFO:third_party\webrtc\media\engine\webrtc_voice_engine.cc:535] WebRtcVoiceEngine::Init
[29540:29620:1110/204501.748:INFO:third_party\webrtc\media\engine\webrtc_voice_engine.cc:597] WebRtcVoiceEngine::ApplyOptions: AudioOptions {aec: 1, agc: 1, ns: 1, hf: 1, swap: 0, audio_jitter_buffer_max_packets: 200, audio_jitter_buffer_fast_accelerate: 0, audio_jitter_buffer_min_delay_ms: 0, }
[33208:31724:1110/204501.857:INFO:third_party\webrtc\rtc_base\cpu_info.cc:75] Available number of cores: 12
[27308:16152:1110/204501.979:INFO:CONSOLE:0] "An iframe which has both allow-scripts and allow-same-origin for its sandbox attribute can escape its sandboxing.", source: https://li.protechts.net/index.html?ts=1762787701697&r_id=AAZDPv3ibTgs2ipQr%2FCtBw%3D%3D&app_id=PXdOjV695v&uc=scraping&d_id=c09aaf048f04b6f5f469e3d5aa7c52457e81fa826957c079a863f32e319121a1 (0)
[27308:16152:1110/204502.320:INFO:CONSOLE:2] "%c ", source: https://client.protechts.net/PXdOjV695v/main.min.js (2)
[27308:16152:1110/204502.340:INFO:CONSOLE:0] "An iframe which has both allow-scripts and allow-same-origin for its sandbox attribute can escape its sandboxing.", source: https://li.protechts.net/index_stg.html?ts=1762787701702&r_id=AAZDPv3ibTgs2ipQr%2FCtBw%3D%3D&app_id=PXdOjV695v&uc=postAction&d_id=c09aaf048f04b6f5f469e3d5aa7c52457e81fa826957c079a863f32e319121a1 (0)
[27308:16152:1110/204502.387:INFO:CONSOLE:2] "%c ", source: https://client.protechts.net/PXdOjV695v/main.min.js (2)
[29540:31760:1110/204504.762:INFO:third_party\webrtc\media\base\codec.cc:393] Explicitly added H264 constrained baseline to list of supported formats.
[29540:29620:1110/204504.765:INFO:third_party\webrtc\pc\peer_connection_factory.cc:367] Using default network controller factory
[29540:29620:1110/204504.765:INFO:third_party\webrtc\modules\pacing\bitrate_prober.cc:54] Bandwidth probing enabled, set to inactive
[29540:29620:1110/204504.765:INFO:third_party\webrtc\modules\remote_bitrate_estimator\transport_sequence_number_feedback_generator.cc:52] Maximum interval between transport feedback RTCP messages: 250 ms
[29540:29620:1110/204504.765:INFO:third_party\webrtc\modules\remote_bitrate_estimator\aimd_rate_control.cc:88] Using aimd rate control with back off factor 0.85
[29540:29620:1110/204504.765:INFO:third_party\webrtc\modules\remote_bitrate_estimator\remote_bitrate_estimator_single_stream.cc:59] RemoteBitrateEstimatorSingleStream: Instantiating.
[29540:31760:1110/204505.797:INFO:third_party\webrtc\media\base\codec.cc:393] Explicitly added H264 constrained baseline to list of supported formats.
[29540:29620:1110/204505.799:INFO:third_party\webrtc\rtc_base\openssl_key_pair.cc:36] Making key pair
[29540:29620:1110/204505.799:INFO:third_party\webrtc\rtc_base\openssl_key_pair.cc:89] Returning key pair
[29540:29620:1110/204505.799:INFO:third_party\webrtc\rtc_base\boringssl_certificate.cc:186] Making certificate for WebRTC
[29540:29620:1110/204505.799:INFO:third_party\webrtc\rtc_base\boringssl_certificate.cc:242] Returning certificate
[29540:29620:1110/204505.825:INFO:third_party\webrtc\p2p\base\p2p_transport_channel.cc:572] Set backup connection ping interval to 25 s milliseconds.
[29540:29620:1110/204505.825:INFO:third_party\webrtc\p2p\base\p2p_transport_channel.cc:581] Set ICE receiving timeout to 2500 ms milliseconds
[29540:29620:1110/204505.825:INFO:third_party\webrtc\p2p\base\p2p_transport_channel.cc:588] Set ping most likely connection to 0
[29540:29620:1110/204505.825:INFO:third_party\webrtc\p2p\base\p2p_transport_channel.cc:595] Set stable_writable_connection_ping_interval to 2500 ms
[29540:29620:1110/204505.825:INFO:third_party\webrtc\p2p\base\p2p_transport_channel.cc:608] Set presume writable when fully relayed to 0
[29540:29620:1110/204505.825:INFO:third_party\webrtc\p2p\base\p2p_transport_channel.cc:626] Set regather_on_failed_networks_interval to 300 s
[29540:29620:1110/204505.825:INFO:third_party\webrtc\p2p\base\p2p_transport_channel.cc:633] Set receiving_switching_delay to 1 s
[29540:29620:1110/204505.826:INFO:third_party\webrtc\pc\jsep_transport_controller.cc:1176] Creating DtlsSrtpTransport.
[29540:29620:1110/204505.826:INFO:third_party\webrtc\pc\dtls_srtp_transport.cc:72] Setting RTP Transport on 0 transport 0x27403027700
[29540:29620:1110/204505.826:INFO:third_party\webrtc\p2p\base\p2p_transport_channel.cc:506] Set ICE ufrag: XjwJ pwd: 795jHZnP+o70x9PJUxPtwcfA on transport 0
[29540:31760:1110/204505.826:INFO:third_party\webrtc\pc\peer_connection.cc:2190] Creating data channel, mid=0
[29540:31760:1110/204505.826:INFO:third_party\webrtc\pc\sdp_offer_answer.cc:3073] Session: 4015156623888638010 Old state: stable New state: have-local-offer
[29540:29620:1110/204505.826:INFO:third_party\webrtc\p2p\client\basic_port_allocator.cc:370] Start getting ports with turn_port_prune_policy 0
[29540:29620:1110/204505.862:INFO:third_party\webrtc\p2p\client\basic_port_allocator.cc:803] Allocate ports on any any 
[29540:29620:1110/204505.862:INFO:third_party\webrtc\p2p\client\basic_port_allocator.cc:891] Network manager has started
[29540:29620:1110/204505.862:INFO:third_party\webrtc\p2p\client\basic_port_allocator.cc:1400] Net[any:0.0.0.x/0:Wildcard:id=0]: Allocation Phase=Udp
[29540:29620:1110/204505.862:INFO:third_party\webrtc\p2p\base\port.cc:153] Port[1b3600:0:1:0:host:Net[any:0.0.0.x/0:Wildcard:id=0]]: Port created with network cost 999
[29540:29620:1110/204505.862:INFO:third_party\webrtc\p2p\client\basic_port_allocator.cc:1487] AllocationSequence: UDPPort will be handling the STUN candidate generation.
[29540:29620:1110/204505.862:INFO:third_party\webrtc\p2p\client\basic_port_allocator.cc:913] Adding allocated port for 0
[29540:29620:1110/204505.862:INFO:third_party\webrtc\p2p\client\basic_port_allocator.cc:933] Port[1b3600:0:1:0:host:Net[any:0.0.0.x/0:Wildcard:id=0]]: Added port to allocator
[29540:29620:1110/204505.862:INFO:third_party\webrtc\p2p\client\basic_port_allocator.cc:1400] Net[any:0:0:0:x:x:x:x:x/0:Wildcard:id=0]: Allocation Phase=Udp
[29540:29620:1110/204505.862:INFO:third_party\webrtc\p2p\base\port.cc:153] Port[1bae00:0:1:0:host:Net[any:0:0:0:x:x:x:x:x/0:Wildcard:id=0]]: Port created with network cost 999
[29540:29620:1110/204505.862:INFO:third_party\webrtc\p2p\client\basic_port_allocator.cc:1487] AllocationSequence: UDPPort will be handling the STUN candidate generation.
[29540:29620:1110/204505.862:INFO:third_party\webrtc\p2p\client\basic_port_allocator.cc:913] Adding allocated port for 0
[29540:29620:1110/204505.862:INFO:third_party\webrtc\p2p\client\basic_port_allocator.cc:933] Port[1bae00:0:1:0:host:Net[any:0:0:0:x:x:x:x:x/0:Wildcard:id=0]]: Added port to allocator
[29540:29620:1110/204505.906:INFO:third_party\webrtc\p2p\base\stun_port.cc:447] Port[1b3600:0:1:0:host:Net[any:0.0.0.x/0:Wildcard:id=0]]: Starting STUN host lookup for stun.l.google.com:19302
[29540:29620:1110/204505.906:INFO:third_party\webrtc\p2p\base\stun_port.cc:447] Port[1bae00:0:1:0:host:Net[any:0:0:0:x:x:x:x:x/0:Wildcard:id=0]]: Starting STUN host lookup for stun.l.google.com:19302
[29540:29620:1110/204505.920:INFO:third_party\webrtc\p2p\client\basic_port_allocator.cc:1400] Net[any:0.0.0.x/0:Wildcard:id=0]: Allocation Phase=Relay
[29540:29620:1110/204505.920:INFO:third_party\webrtc\p2p\client\basic_port_allocator.cc:1400] Net[any:0:0:0:x:x:x:x:x/0:Wildcard:id=0]: Allocation Phase=Relay
[29540:29620:1110/204505.926:INFO:third_party\webrtc\p2p\client\basic_port_allocator.cc:950] Port[1b3600:0:1:0:host:Net[any:0.0.0.x/0:Wildcard:id=0]]: Gathered candidate: Cand[:2573980494:1:udp:2113937151:976725ad-73f7-4e57-b4e9-354b44cf320b.local:64404:host::0:XjwJ:795jHZnP+o70x9PJUxPtwcfA:0:999:0]
[29540:29620:1110/204505.926:INFO:third_party\webrtc\p2p\client\basic_port_allocator.cc:983] Port[1b3600:0:1:0:host:Net[any:0.0.0.x/0:Wildcard:id=0]]: Port ready.
[29540:29620:1110/204505.929:INFO:third_party\webrtc\p2p\client\basic_port_allocator.cc:950] Port[1bae00:0:1:0:host:Net[any:0:0:0:x:x:x:x:x/0:Wildcard:id=0]]: Gathered candidate: Cand[:2257478918:1:udp:2113929727:06c23d4d-efc4-47cb-b619-f4c5cc16f890.local:64405:host::0:XjwJ:795jHZnP+o70x9PJUxPtwcfA:0:999:0]
[29540:29620:1110/204505.929:INFO:third_party\webrtc\p2p\client\basic_port_allocator.cc:983] Port[1bae00:0:1:0:host:Net[any:0:0:0:x:x:x:x:x/0:Wildcard:id=0]]: Port ready.
[29540:29620:1110/204505.929:INFO:third_party\webrtc\p2p\client\basic_port_allocator.cc:994] Discarding candidate because it doesn't match filter.
[31132:10028:1110/204505.966:WARNING:net\dns\host_resolver_dns_task.cc:956] Address list empty after RFC3484 sort
[31132:10028:1110/204505.982:ERROR:services\network\p2p\socket_manager.cc:137] Failed to resolve address for stun.l.google.com., errorcode: -105
[29540:29620:1110/204505.984:INFO:third_party\webrtc\p2p\client\basic_port_allocator.cc:1400] Net[any:0.0.0.x/0:Wildcard:id=0]: Allocation Phase=Tcp
[29540:29620:1110/204505.985:INFO:third_party\webrtc\p2p\base\port.cc:153] Port[1b8a00:0:1:0:host:Net[any:0.0.0.x/0:Wildcard:id=0]]: Port created with network cost 999
[29540:29620:1110/204505.985:INFO:third_party\webrtc\p2p\client\basic_port_allocator.cc:913] Adding allocated port for 0
[29540:29620:1110/204505.985:INFO:third_party\webrtc\p2p\client\basic_port_allocator.cc:933] Port[1b8a00:0:1:0:host:Net[any:0.0.0.x/0:Wildcard:id=0]]: Added port to allocator
[29540:29620:1110/204505.985:INFO:third_party\webrtc\p2p\base\tcp_port.cc:183] Port[1b8a00:0:1:0:host:Net[any:0.0.0.x/0:Wildcard:id=0]]: Not listening due to firewall restrictions.
[29540:29620:1110/204505.985:INFO:third_party\webrtc\p2p\client\basic_port_allocator.cc:1400] Net[any:0:0:0:x:x:x:x:x/0:Wildcard:id=0]: Allocation Phase=Tcp
[29540:29620:1110/204505.985:INFO:third_party\webrtc\p2p\base\port.cc:153] Port[1b5a00:0:1:0:host:Net[any:0:0:0:x:x:x:x:x/0:Wildcard:id=0]]: Port created with network cost 999
[29540:29620:1110/204505.985:INFO:third_party\webrtc\p2p\client\basic_port_allocator.cc:913] Adding allocated port for 0
[29540:29620:1110/204505.985:INFO:third_party\webrtc\p2p\client\basic_port_allocator.cc:933] Port[1b5a00:0:1:0:host:Net[any:0:0:0:x:x:x:x:x/0:Wildcard:id=0]]: Added port to allocator
[29540:29620:1110/204505.985:INFO:third_party\webrtc\p2p\base\tcp_port.cc:183] Port[1b5a00:0:1:0:host:Net[any:0:0:0:x:x:x:x:x/0:Wildcard:id=0]]: Not listening due to firewall restrictions.
[28964:33204:1110/204506.066:INFO:third_party\webrtc\rtc_base\cpu_info.cc:75] Available number of cores: 12
[27308:16152:1110/204506.135:INFO:CONSOLE:0] "An iframe which has both allow-scripts and allow-same-origin for its sandbox attribute can escape its sandboxing.", source: https://www.google.com/recaptcha/enterprise/anchor?ar=1&k=6LcIy_MqAAAAAMKiupFSbmzW3xjGSlIfRzNWYMjC&co=aHR0cHM6Ly93d3cubGlua2VkaW4uY29tOjQ0Mw..&hl=en&v=naPR4A6FAh-yZLuCX253WaZq&size=invisible&anchor-ms=20000&execute-ms=15000&cb=53ozkomumqec (0)
[29540:29620:1110/204506.157:WARNING:third_party\webrtc\p2p\base\stun_port.cc:458] Port[1bae00:0:1:0:host:Net[any:0:0:0:x:x:x:x:x/0:Wildcard:id=0]]: StunPort: stun host lookup received error -1
[29540:29620:1110/204506.157:INFO:third_party\webrtc\p2p\client\basic_port_allocator.cc:1095] Port[1bae00:0:1:0:host:Net[any:0:0:0:x:x:x:x:x/0:Wildcard:id=0]]: Port completed gathering candidates.
[29540:29620:1110/204506.157:INFO:third_party\webrtc\p2p\client\basic_port_allocator.cc:950] Port[1b8a00:0:1:0:host:Net[any:0.0.0.x/0:Wildcard:id=0]]: Gathered candidate: Cand[:3622989657:1:tcp:1509957375:317679bf-7cdf-431b-b0d6-3375e381e662.local:9:host::0:XjwJ:795jHZnP+o70x9PJUxPtwcfA:0:999:0]
[29540:29620:1110/204506.157:INFO:third_party\webrtc\p2p\client\basic_port_allocator.cc:983] Port[1b8a00:0:1:0:host:Net[any:0.0.0.x/0:Wildcard:id=0]]: Port ready.
[29540:29620:1110/204506.157:INFO:third_party\webrtc\p2p\client\basic_port_allocator.cc:994] Discarding candidate because it doesn't match filter.
[29540:29620:1110/204506.157:INFO:third_party\webrtc\p2p\client\basic_port_allocator.cc:1095] Port[1b8a00:0:1:0:host:Net[any:0.0.0.x/0:Wildcard:id=0]]: Port completed gathering candidates.
[29540:29620:1110/204506.158:INFO:third_party\webrtc\p2p\client\basic_port_allocator.cc:950] Port[1b5a00:0:1:0:host:Net[any:0:0:0:x:x:x:x:x/0:Wildcard:id=0]]: Gathered candidate: Cand[:4165044126:1:tcp:1509949951:06c23d4d-efc4-47cb-b619-f4c5cc16f890.local:9:host::0:XjwJ:795jHZnP+o70x9PJUxPtwcfA:0:999:0]
[29540:29620:1110/204506.158:INFO:third_party\webrtc\p2p\client\basic_port_allocator.cc:983] Port[1b5a00:0:1:0:host:Net[any:0:0:0:x:x:x:x:x/0:Wildcard:id=0]]: Port ready.
[29540:29620:1110/204506.158:INFO:third_party\webrtc\p2p\client\basic_port_allocator.cc:994] Discarding candidate because it doesn't match filter.
[29540:29620:1110/204506.158:INFO:third_party\webrtc\p2p\client\basic_port_allocator.cc:1095] Port[1b5a00:0:1:0:host:Net[any:0:0:0:x:x:x:x:x/0:Wildcard:id=0]]: Port completed gathering candidates.
[29540:29620:1110/204506.224:INFO:third_party\webrtc\p2p\client\basic_port_allocator.cc:950] Port[1b3600:0:1:0:host:Net[any:0.0.0.x/0:Wildcard:id=0]]: Gathered candidate: Cand[:3048355240:1:udp:1677729535:223.187.124.x:64404:srflx:10.21.251.x:64404:XjwJ:795jHZnP+o70x9PJUxPtwcfA:0:999:0]
[29540:29620:1110/204506.224:INFO:third_party\webrtc\p2p\client\basic_port_allocator.cc:1095] Port[1b3600:0:1:0:host:Net[any:0.0.0.x/0:Wildcard:id=0]]: Port completed gathering candidates.
[29540:29620:1110/204506.224:INFO:third_party\webrtc\p2p\client\basic_port_allocator.cc:1169] All candidates gathered for 0:1:0
[29540:29620:1110/204506.224:INFO:third_party\webrtc\p2p\base\p2p_transport_channel.cc:990] P2PTransportChannel: 0, component 1 gathering complete
[27308:16152:1110/204506.779:WARNING:chrome\browser\media\prefs\capture_device_ranking.h:255] Can't initialize the value of media.audio_input.user_preference_ranking because media.default_audio_capture_device isn't registered or is empty
[27308:16152:1110/204506.779:WARNING:chrome\browser\media\prefs\capture_device_ranking.h:255] Can't initialize the value of media.video_input.user_preference_ranking because media.default_video_capture_Device isn't registered or is empty
[27308:16152:1110/204528.720:INFO:CONSOLE:10333] "TypeError: network error", source: https://static.licdn.com/aero-v1/sc/h/2bhepoy73a9tx9bsslgshmubr (10333)
[29540:31760:1110/204529.073:INFO:third_party\webrtc\pc\sdp_offer_answer.cc:3073] Session: 4015156623888638010 Old state: have-local-offer New state: closed
[29540:29620:1110/204529.073:INFO:third_party\webrtc\pc\peer_connection.cc:2640] Tearing down data channel transport for mid=0
[31312:18196:1110/204536.310:INFO:third_party\webrtc\rtc_base\cpu_info.cc:75] Available number of cores: 12
[27308:16152:1110/204536.518:INFO:CONSOLE:0] "An iframe which has both allow-scripts and allow-same-origin for its sandbox attribute can escape its sandboxing.", source: https://li.protechts.net/index.html?ts=1762787736208&r_id=AAZDPwBc%2Fn8SAZxKeD3AUw%3D%3D&app_id=PXdOjV695v&uc=scraping&d_id=c09aaf048f04b6f5f469e3d5aa7c52457e81fa826957c079a863f32e319121a1 (0)
[27308:16152:1110/204536.600:INFO:CONSOLE:2] "%c ", source: https://client.protechts.net/PXdOjV695v/main.min.js (2)
[27308:16152:1110/204536.635:INFO:CONSOLE:0] "An iframe which has both allow-scripts and allow-same-origin for its sandbox attribute can escape its sandboxing.", source: https://www.google.com/recaptcha/enterprise/anchor?ar=1&k=6LcIy_MqAAAAAMKiupFSbmzW3xjGSlIfRzNWYMjC&co=aHR0cHM6Ly93d3cubGlua2VkaW4uY29tOjQ0Mw..&hl=en&v=naPR4A6FAh-yZLuCX253WaZq&size=invisible&anchor-ms=20000&execute-ms=15000&cb=7j8a0muc8gm0 (0)
[27308:16152:1110/204536.837:INFO:CONSOLE:0] "An iframe which has both allow-scripts and allow-same-origin for its sandbox attribute can escape its sandboxing.", source: https://li.protechts.net/index_stg.html?ts=1762787736211&r_id=AAZDPwBc%2Fn8SAZxKeD3AUw%3D%3D&app_id=PXdOjV695v&uc=postAction&d_id=c09aaf048f04b6f5f469e3d5aa7c52457e81fa826957c079a863f32e319121a1 (0)
[27308:16152:1110/204536.882:INFO:CONSOLE:2] "%c ", source: https://client.protechts.net/PXdOjV695v/main.min.js (2)
[33616:10084:1110/204536.946:INFO:third_party\webrtc\rtc_base\cpu_info.cc:75] Available number of cores: 12
[29540:31760:1110/204537.500:INFO:third_party\blink\renderer\modules\peerconnection\peer_connection_dependency_factory.cc:857] Running WebRTC with a combined Network and Worker thread.
[29540:31760:1110/204537.501:INFO:third_party\webrtc\media\engine\webrtc_voice_engine.cc:493] WebRtcVoiceEngine::WebRtcVoiceEngine
[29540:29620:1110/204537.501:INFO:third_party\webrtc\media\engine\webrtc_voice_engine.cc:535] WebRtcVoiceEngine::Init
[29540:29620:1110/204537.501:INFO:third_party\webrtc\media\engine\webrtc_voice_engine.cc:597] WebRtcVoiceEngine::ApplyOptions: AudioOptions {aec: 1, agc: 1, ns: 1, hf: 1, swap: 0, audio_jitter_buffer_max_packets: 200, audio_jitter_buffer_fast_accelerate: 0, audio_jitter_buffer_min_delay_ms: 0, }
[29540:31760:1110/204537.502:INFO:third_party\webrtc\media\base\codec.cc:393] Explicitly added H264 constrained baseline to list of supported formats.
[29540:29620:1110/204537.504:INFO:third_party\webrtc\pc\peer_connection_factory.cc:367] Using default network controller factory
[29540:29620:1110/204537.504:INFO:third_party\webrtc\modules\pacing\bitrate_prober.cc:54] Bandwidth probing enabled, set to inactive
[29540:29620:1110/204537.504:INFO:third_party\webrtc\modules\remote_bitrate_estimator\transport_sequence_number_feedback_generator.cc:52] Maximum interval between transport feedback RTCP messages: 250 ms
[29540:29620:1110/204537.504:INFO:third_party\webrtc\modules\remote_bitrate_estimator\aimd_rate_control.cc:88] Using aimd rate control with back off factor 0.85
[29540:29620:1110/204537.504:INFO:third_party\webrtc\modules\remote_bitrate_estimator\remote_bitrate_estimator_single_stream.cc:59] RemoteBitrateEstimatorSingleStream: Instantiating.
[29540:31760:1110/204537.505:INFO:third_party\webrtc\media\base\codec.cc:393] Explicitly added H264 constrained baseline to list of supported formats.
[29540:29620:1110/204537.507:INFO:third_party\webrtc\rtc_base\openssl_key_pair.cc:36] Making key pair
[29540:29620:1110/204537.507:INFO:third_party\webrtc\rtc_base\openssl_key_pair.cc:89] Returning key pair
[29540:29620:1110/204537.507:INFO:third_party\webrtc\rtc_base\boringssl_certificate.cc:186] Making certificate for WebRTC
[29540:29620:1110/204537.507:INFO:third_party\webrtc\rtc_base\boringssl_certificate.cc:242] Returning certificate
[29540:29620:1110/204537.509:INFO:third_party\webrtc\p2p\base\p2p_transport_channel.cc:572] Set backup connection ping interval to 25 s milliseconds.
[29540:29620:1110/204537.509:INFO:third_party\webrtc\p2p\base\p2p_transport_channel.cc:581] Set ICE receiving timeout to 2500 ms milliseconds
[29540:29620:1110/204537.509:INFO:third_party\webrtc\p2p\base\p2p_transport_channel.cc:588] Set ping most likely connection to 0
[29540:29620:1110/204537.509:INFO:third_party\webrtc\p2p\base\p2p_transport_channel.cc:595] Set stable_writable_connection_ping_interval to 2500 ms
[29540:29620:1110/204537.509:INFO:third_party\webrtc\p2p\base\p2p_transport_channel.cc:608] Set presume writable when fully relayed to 0
[29540:29620:1110/204537.509:INFO:third_party\webrtc\p2p\base\p2p_transport_channel.cc:626] Set regather_on_failed_networks_interval to 300 s
[29540:29620:1110/204537.509:INFO:third_party\webrtc\p2p\base\p2p_transport_channel.cc:633] Set receiving_switching_delay to 1 s
[29540:29620:1110/204537.509:INFO:third_party\webrtc\pc\jsep_transport_controller.cc:1176] Creating DtlsSrtpTransport.
[29540:29620:1110/204537.509:INFO:third_party\webrtc\pc\dtls_srtp_transport.cc:72] Setting RTP Transport on 0 transport 0x27403027700
[29540:29620:1110/204537.509:INFO:third_party\webrtc\p2p\base\p2p_transport_channel.cc:506] Set ICE ufrag: 92Hn pwd: bbzWvxW9l4y/vP6nK1dnrHbY on transport 0
[29540:31760:1110/204537.509:INFO:third_party\webrtc\pc\peer_connection.cc:2190] Creating data channel, mid=0
[29540:31760:1110/204537.509:INFO:third_party\webrtc\pc\sdp_offer_answer.cc:3073] Session: 4082820188573329527 Old state: stable New state: have-local-offer
[29540:29620:1110/204537.509:INFO:third_party\webrtc\p2p\client\basic_port_allocator.cc:370] Start getting ports with turn_port_prune_policy 0
[27308:16152:1110/204537.511:WARNING:chrome\browser\media\prefs\capture_device_ranking.h:255] Can't initialize the value of media.audio_input.user_preference_ranking because media.default_audio_capture_device isn't registered or is empty
[27308:16152:1110/204537.511:WARNING:chrome\browser\media\prefs\capture_device_ranking.h:255] Can't initialize the value of media.video_input.user_preference_ranking because media.default_video_capture_Device isn't registered or is empty
[29540:29620:1110/204537.553:INFO:third_party\webrtc\p2p\client\basic_port_allocator.cc:803] Allocate ports on any any 
[29540:29620:1110/204537.553:INFO:third_party\webrtc\p2p\client\basic_port_allocator.cc:891] Network manager has started
[29540:29620:1110/204537.553:INFO:third_party\webrtc\p2p\client\basic_port_allocator.cc:1400] Net[any:0.0.0.x/0:Wildcard:id=0]: Allocation Phase=Udp
[29540:29620:1110/204537.553:INFO:third_party\webrtc\p2p\base\port.cc:153] Port[1b5a00:0:1:0:host:Net[any:0.0.0.x/0:Wildcard:id=0]]: Port created with network cost 999
[29540:29620:1110/204537.553:INFO:third_party\webrtc\p2p\client\basic_port_allocator.cc:1487] AllocationSequence: UDPPort will be handling the STUN candidate generation.
[29540:29620:1110/204537.553:INFO:third_party\webrtc\p2p\client\basic_port_allocator.cc:913] Adding allocated port for 0
[29540:29620:1110/204537.553:INFO:third_party\webrtc\p2p\client\basic_port_allocator.cc:933] Port[1b5a00:0:1:0:host:Net[any:0.0.0.x/0:Wildcard:id=0]]: Added port to allocator
[29540:29620:1110/204537.553:INFO:third_party\webrtc\p2p\client\basic_port_allocator.cc:1400] Net[any:0:0:0:x:x:x:x:x/0:Wildcard:id=0]: Allocation Phase=Udp
[29540:29620:1110/204537.553:INFO:third_party\webrtc\p2p\base\port.cc:153] Port[1b8a00:0:1:0:host:Net[any:0:0:0:x:x:x:x:x/0:Wildcard:id=0]]: Port created with network cost 999
[29540:29620:1110/204537.553:INFO:third_party\webrtc\p2p\client\basic_port_allocator.cc:1487] AllocationSequence: UDPPort will be handling the STUN candidate generation.
[29540:29620:1110/204537.553:INFO:third_party\webrtc\p2p\client\basic_port_allocator.cc:913] Adding allocated port for 0
[29540:29620:1110/204537.553:INFO:third_party\webrtc\p2p\client\basic_port_allocator.cc:933] Port[1b8a00:0:1:0:host:Net[any:0:0:0:x:x:x:x:x/0:Wildcard:id=0]]: Added port to allocator
[29540:29620:1110/204537.566:INFO:third_party\webrtc\p2p\base\stun_port.cc:447] Port[1b5a00:0:1:0:host:Net[any:0.0.0.x/0:Wildcard:id=0]]: Starting STUN host lookup for stun.l.google.com:19302
[29540:29620:1110/204537.566:INFO:third_party\webrtc\p2p\base\stun_port.cc:447] Port[1b8a00:0:1:0:host:Net[any:0:0:0:x:x:x:x:x/0:Wildcard:id=0]]: Starting STUN host lookup for stun.l.google.com:19302
[29540:29620:1110/204537.608:INFO:third_party\webrtc\p2p\client\basic_port_allocator.cc:1400] Net[any:0.0.0.x/0:Wildcard:id=0]: Allocation Phase=Relay
[29540:29620:1110/204537.608:INFO:third_party\webrtc\p2p\client\basic_port_allocator.cc:1400] Net[any:0:0:0:x:x:x:x:x/0:Wildcard:id=0]: Allocation Phase=Relay
[29540:29620:1110/204537.670:INFO:third_party\webrtc\p2p\client\basic_port_allocator.cc:1400] Net[any:0.0.0.x/0:Wildcard:id=0]: Allocation Phase=Tcp
[29540:29620:1110/204537.670:INFO:third_party\webrtc\p2p\base\port.cc:153] Port[1bae00:0:1:0:host:Net[any:0.0.0.x/0:Wildcard:id=0]]: Port created with network cost 999
[29540:29620:1110/204537.670:INFO:third_party\webrtc\p2p\client\basic_port_allocator.cc:913] Adding allocated port for 0
[29540:29620:1110/204537.670:INFO:third_party\webrtc\p2p\client\basic_port_allocator.cc:933] Port[1bae00:0:1:0:host:Net[any:0.0.0.x/0:Wildcard:id=0]]: Added port to allocator
[29540:29620:1110/204537.670:INFO:third_party\webrtc\p2p\base\tcp_port.cc:183] Port[1bae00:0:1:0:host:Net[any:0.0.0.x/0:Wildcard:id=0]]: Not listening due to firewall restrictions.
[29540:29620:1110/204537.670:INFO:third_party\webrtc\p2p\client\basic_port_allocator.cc:1400] Net[any:0:0:0:x:x:x:x:x/0:Wildcard:id=0]: Allocation Phase=Tcp
[29540:29620:1110/204537.670:INFO:third_party\webrtc\p2p\base\port.cc:153] Port[1b3600:0:1:0:host:Net[any:0:0:0:x:x:x:x:x/0:Wildcard:id=0]]: Port created with network cost 999
[29540:29620:1110/204537.670:INFO:third_party\webrtc\p2p\client\basic_port_allocator.cc:913] Adding allocated port for 0
[29540:29620:1110/204537.670:INFO:third_party\webrtc\p2p\client\basic_port_allocator.cc:933] Port[1b3600:0:1:0:host:Net[any:0:0:0:x:x:x:x:x/0:Wildcard:id=0]]: Added port to allocator
[29540:29620:1110/204537.670:INFO:third_party\webrtc\p2p\base\tcp_port.cc:183] Port[1b3600:0:1:0:host:Net[any:0:0:0:x:x:x:x:x/0:Wildcard:id=0]]: Not listening due to firewall restrictions.
[31132:10028:1110/204537.687:WARNING:net\dns\host_resolver_dns_task.cc:956] Address list empty after RFC3484 sort
[31132:10028:1110/204537.692:ERROR:services\network\p2p\socket_manager.cc:137] Failed to resolve address for stun.l.google.com., errorcode: -105
[29540:29620:1110/204537.700:INFO:third_party\webrtc\p2p\client\basic_port_allocator.cc:950] Port[1b5a00:0:1:0:host:Net[any:0.0.0.x/0:Wildcard:id=0]]: Gathered candidate: Cand[:738735259:1:udp:2113937151:1709cdea-de2e-4d5c-af24-31dac4ddaaca.local:60218:host::0:92Hn:bbzWvxW9l4y/vP6nK1dnrHbY:0:999:0]
[29540:29620:1110/204537.700:INFO:third_party\webrtc\p2p\client\basic_port_allocator.cc:983] Port[1b5a00:0:1:0:host:Net[any:0.0.0.x/0:Wildcard:id=0]]: Port ready.
[29540:29620:1110/204537.703:INFO:third_party\webrtc\p2p\client\basic_port_allocator.cc:950] Port[1b8a00:0:1:0:host:Net[any:0:0:0:x:x:x:x:x/0:Wildcard:id=0]]: Gathered candidate: Cand[:871203539:1:udp:2113929727:7eced366-69d9-4d92-8d7c-288659b53739.local:60219:host::0:92Hn:bbzWvxW9l4y/vP6nK1dnrHbY:0:999:0]
[29540:29620:1110/204537.703:INFO:third_party\webrtc\p2p\client\basic_port_allocator.cc:983] Port[1b8a00:0:1:0:host:Net[any:0:0:0:x:x:x:x:x/0:Wildcard:id=0]]: Port ready.
[29540:29620:1110/204537.703:INFO:third_party\webrtc\p2p\client\basic_port_allocator.cc:994] Discarding candidate because it doesn't match filter.
[29540:29620:1110/204537.703:WARNING:third_party\webrtc\p2p\base\stun_port.cc:458] Port[1b8a00:0:1:0:host:Net[any:0:0:0:x:x:x:x:x/0:Wildcard:id=0]]: StunPort: stun host lookup received error -1
[29540:29620:1110/204537.703:INFO:third_party\webrtc\p2p\client\basic_port_allocator.cc:1095] Port[1b8a00:0:1:0:host:Net[any:0:0:0:x:x:x:x:x/0:Wildcard:id=0]]: Port completed gathering candidates.
[29540:29620:1110/204537.729:INFO:third_party\webrtc\p2p\client\basic_port_allocator.cc:950] Port[1b5a00:0:1:0:host:Net[any:0.0.0.x/0:Wildcard:id=0]]: Gathered candidate: Cand[:13750909:1:udp:1677729535:223.187.124.x:60218:srflx:10.21.251.x:60218:92Hn:bbzWvxW9l4y/vP6nK1dnrHbY:0:999:0]
[29540:29620:1110/204537.729:INFO:third_party\webrtc\p2p\client\basic_port_allocator.cc:1095] Port[1b5a00:0:1:0:host:Net[any:0.0.0.x/0:Wildcard:id=0]]: Port completed gathering candidates.
[29540:29620:1110/204537.786:INFO:third_party\webrtc\p2p\client\basic_port_allocator.cc:950] Port[1bae00:0:1:0:host:Net[any:0.0.0.x/0:Wildcard:id=0]]: Gathered candidate: Cand[:1653704844:1:tcp:1509957375:097e6cc1-2147-4bce-9c9e-d1b419fe51f2.local:9:host::0:92Hn:bbzWvxW9l4y/vP6nK1dnrHbY:0:999:0]
[29540:29620:1110/204537.786:INFO:third_party\webrtc\p2p\client\basic_port_allocator.cc:983] Port[1bae00:0:1:0:host:Net[any:0.0.0.x/0:Wildcard:id=0]]: Port ready.
[29540:29620:1110/204537.786:INFO:third_party\webrtc\p2p\client\basic_port_allocator.cc:994] Discarding candidate because it doesn't match filter.
[29540:29620:1110/204537.786:INFO:third_party\webrtc\p2p\client\basic_port_allocator.cc:1095] Port[1bae00:0:1:0:host:Net[any:0.0.0.x/0:Wildcard:id=0]]: Port completed gathering candidates.
[29540:29620:1110/204537.786:INFO:third_party\webrtc\p2p\client\basic_port_allocator.cc:950] Port[1b3600:0:1:0:host:Net[any:0:0:0:x:x:x:x:x/0:Wildcard:id=0]]: Gathered candidate: Cand[:1294098507:1:tcp:1509949951:7eced366-69d9-4d92-8d7c-288659b53739.local:9:host::0:92Hn:bbzWvxW9l4y/vP6nK1dnrHbY:0:999:0]
[29540:29620:1110/204537.786:INFO:third_party\webrtc\p2p\client\basic_port_allocator.cc:983] Port[1b3600:0:1:0:host:Net[any:0:0:0:x:x:x:x:x/0:Wildcard:id=0]]: Port ready.
[29540:29620:1110/204537.786:INFO:third_party\webrtc\p2p\client\basic_port_allocator.cc:994] Discarding candidate because it doesn't match filter.
[29540:29620:1110/204537.786:INFO:third_party\webrtc\p2p\client\basic_port_allocator.cc:1095] Port[1b3600:0:1:0:host:Net[any:0:0:0:x:x:x:x:x/0:Wildcard:id=0]]: Port completed gathering candidates.
[29540:29620:1110/204537.786:INFO:third_party\webrtc\p2p\client\basic_port_allocator.cc:1169] All candidates gathered for 0:1:0
[29540:29620:1110/204537.786:INFO:third_party\webrtc\p2p\base\p2p_transport_channel.cc:990] P2PTransportChannel: 0, component 1 gathering complete
[29976:16612:1110/204537.965:INFO:third_party\webrtc\rtc_base\cpu_info.cc:75] Available number of cores: 12
[32688:29512:1110/204538.365:INFO:third_party\webrtc\rtc_base\cpu_info.cc:75] Available number of cores: 12
[33184:24080:1110/204540.782:INFO:third_party\webrtc\rtc_base\cpu_info.cc:75] Available number of cores: 12
[29540:31760:1110/204559.471:INFO:third_party\webrtc\pc\peer_connection.cc:692] Session: 4015156623888638010 is destroyed.
[29540:29620:1110/204559.472:INFO:third_party\webrtc\media\engine\webrtc_voice_engine.cc:521] WebRtcVoiceEngine::~WebRtcVoiceEngine
[29540:29620:1110/204559.472:WARNING:third_party\webrtc\media\engine\webrtc_voice_engine.cc:794] Attempting to stop aecdump when no audio processing module is present
[27308:6944:1110/204637.484:ERROR:google_apis\gcm\engine\registration_request.cc:292] Registration response error message: DEPRECATED_ENDPOINT
[30656:31752:1110/204645.247:VERBOSE1:components\viz\service\main\viz_main_impl.cc:86] VizNullHypothesis is disabled (not a warning)
[27308:6944:1110/204700.128:ERROR:google_apis\gcm\engine\registration_request.cc:292] Registration response error message: DEPRECATED_ENDPOINT
[31980:31900:1110/204746.427:ERROR:gpu\ipc\client\command_buffer_proxy_impl.cc:327] GPU state invalid after WaitForGetOffsetInRange.
